// Jest Snapshot v1, https://goo.gl/fbAQLP

exports[`renders correctly 1`] = `
<View
  style={
    Object {
      "flexDirection": "row",
    }
  }
>
  <Text
    style={
      Array [
        Object {
          "fontSize": 70,
          "textShadowColor": "black",
          "textShadowOffset": Object {
            "height": 3,
            "width": 3,
          },
          "textShadowRadius": 5,
        },
        Object {
          "color": "#E64C3C",
        },
      ]
    }
  >
    G
  </Text>
  <Text
    style={
      Array [
        Object {
          "fontSize": 70,
          "textShadowColor": "black",
          "textShadowOffset": Object {
            "height": 3,
            "width": 3,
          },
          "textShadowRadius": 5,
        },
        Object {
          "color": "#FF9933",
        },
      ]
    }
  >
    A
  </Text>
  <Text
    style={
      Array [
        Object {
          "fontSize": 70,
          "textShadowColor": "black",
          "textShadowOffset": Object {
            "height": 3,
            "width": 3,
          },
          "textShadowRadius": 5,
        },
        Object {
          "color": "#F1C431",
        },
      ]
    }
  >
    R
  </Text>
  <Text
    style={
      Array [
        Object {
          "fontSize": 70,
          "textShadowColor": "black",
          "textShadowOffset": Object {
            "height": 3,
            "width": 3,
          },
          "textShadowRadius": 5,
        },
        Object {
          "color": "#187F03",
        },
      ]
    }
  >
    D
  </Text>
  <Text
    style={
      Array [
        Object {
          "fontSize": 70,
          "textShadowColor": "black",
          "textShadowOffset": Object {
            "height": 3,
            "width": 3,
          },
          "textShadowRadius": 5,
        },
        Object {
          "color": "#3998DB",
        },
      ]
    }
  >
    E
  </Text>
  <Text
    style={
      Array [
        Object {
          "fontSize": 70,
          "textShadowColor": "black",
          "textShadowOffset": Object {
            "height": 3,
            "width": 3,
          },
          "textShadowRadius": 5,
        },
        Object {
          "color": "#4b0082",
        },
      ]
    }
  >
    N
  </Text>
  <Text
    style={
      Object {
        "fontSize": 70,
        "textShadowColor": "black",
        "textShadowOffset": Object {
          "height": 3,
          "width": 3,
        },
        "textShadowRadius": 5,
      }
    }
  >
    Pi
  </Text>
</View>
`;
