// Jest Snapshot v1, https://goo.gl/fbAQLP

exports[`renders correctly 1`] = `
<View>
  <View
    accessibilityIgnoresInvertColors={true}
    style={
      Object {
        "alignItems": "center",
        "height": 1334,
        "paddingTop": 50,
        "width": 750,
      }
    }
  >
    <Image
      source=""
      style={
        Array [
          Object {
            "bottom": 0,
            "left": 0,
            "position": "absolute",
            "right": 0,
            "top": 0,
          },
          Object {
            "height": 1334,
            "width": 750,
          },
          undefined,
        ]
      }
    />
    <View
      style={
        Array [
          Object {
            "alignItems": "center",
            "backgroundColor": "rgba(115, 166, 134, .7)",
            "borderColor": "#A14550",
            "borderRadius": 30,
            "borderWidth": 2,
            "justifyContent": "center",
            "margin": 5,
            "padding": 10,
            "shadowColor": "#000",
            "shadowOffset": Object {
              "height": 2,
              "width": 2,
            },
            "shadowOpacity": 1,
            "width": 712.5,
          },
          Object {
            "height": 366.85,
          },
        ]
      }
    >
      <View
        style={
          Object {
            "alignItems": "center",
            "flexDirection": "row",
            "justifyContent": "space-between",
            "width": 600,
          }
        }
      >
        <View
          accessible={true}
          isTVSelectable={true}
          onResponderGrant={[Function]}
          onResponderMove={[Function]}
          onResponderRelease={[Function]}
          onResponderTerminate={[Function]}
          onResponderTerminationRequest={[Function]}
          onStartShouldSetResponder={[Function]}
          style={
            Object {
              "opacity": 1,
            }
          }
        >
          <Image
            source=""
            style={
              Object {
                "height": 35,
                "width": 35,
              }
            }
          />
        </View>
        <View
          style={
            Object {
              "flexDirection": "row",
            }
          }
        >
          <Text
            style={
              Array [
                Object {
                  "fontFamily": "lemondrop",
                  "textShadowColor": "black",
                  "textShadowOffset": Object {
                    "height": 2,
                    "width": 2,
                  },
                  "textShadowRadius": 5,
                },
                Object {
                  "color": "#E64C3C",
                  "fontSize": 35,
                },
              ]
            }
          >
            G
          </Text>
          <Text
            style={
              Array [
                Object {
                  "fontFamily": "lemondrop",
                  "textShadowColor": "black",
                  "textShadowOffset": Object {
                    "height": 2,
                    "width": 2,
                  },
                  "textShadowRadius": 5,
                },
                Object {
                  "color": "#FF9933",
                  "fontSize": 35,
                },
              ]
            }
          >
            A
          </Text>
          <Text
            style={
              Array [
                Object {
                  "fontFamily": "lemondrop",
                  "textShadowColor": "black",
                  "textShadowOffset": Object {
                    "height": 2,
                    "width": 2,
                  },
                  "textShadowRadius": 5,
                },
                Object {
                  "color": "#F1C431",
                  "fontSize": 35,
                },
              ]
            }
          >
            R
          </Text>
          <Text
            style={
              Array [
                Object {
                  "fontFamily": "lemondrop",
                  "textShadowColor": "black",
                  "textShadowOffset": Object {
                    "height": 2,
                    "width": 2,
                  },
                  "textShadowRadius": 5,
                },
                Object {
                  "color": "#187F03",
                  "fontSize": 35,
                },
              ]
            }
          >
            D
          </Text>
          <Text
            style={
              Array [
                Object {
                  "fontFamily": "lemondrop",
                  "textShadowColor": "black",
                  "textShadowOffset": Object {
                    "height": 2,
                    "width": 2,
                  },
                  "textShadowRadius": 5,
                },
                Object {
                  "color": "#3998DB",
                  "fontSize": 35,
                },
              ]
            }
          >
            E
          </Text>
          <Text
            style={
              Array [
                Object {
                  "fontFamily": "lemondrop",
                  "textShadowColor": "black",
                  "textShadowOffset": Object {
                    "height": 2,
                    "width": 2,
                  },
                  "textShadowRadius": 5,
                },
                Object {
                  "color": "#4b0082",
                  "fontSize": 35,
                },
              ]
            }
          >
            N
          </Text>
          <Text
            style={
              Array [
                Object {
                  "fontFamily": "lemondrop",
                  "textShadowColor": "black",
                  "textShadowOffset": Object {
                    "height": 2,
                    "width": 2,
                  },
                  "textShadowRadius": 5,
                },
                Object {
                  "color": "#7f00ff",
                  "fontSize": 35,
                },
              ]
            }
          >
            Pi
          </Text>
        </View>
        <View
          accessible={true}
          isTVSelectable={true}
          onResponderGrant={[Function]}
          onResponderMove={[Function]}
          onResponderRelease={[Function]}
          onResponderTerminate={[Function]}
          onResponderTerminationRequest={[Function]}
          onStartShouldSetResponder={[Function]}
          style={
            Object {
              "opacity": 1,
            }
          }
        >
          <Image
            source=""
            style={
              Object {
                "height": 35,
                "width": 35,
              }
            }
          />
        </View>
      </View>
      <View
        style={
          Object {
            "height": 213.44,
            "justifyContent": "space-around",
          }
        }
      >
        <RCTScrollView
          horizontal={true}
          onScroll={[Function]}
          pagingEnabled={true}
          scrollEventThrottle={16}
          showsHorizontalScrollIndicator={false}
          style={
            Object {
              "display": "flex",
              "flexDirection": "row",
              "paddingTop": 5,
              "width": 642,
            }
          }
        >
          <View>
            <View
              style={
                Object {
                  "alignItems": "center",
                  "backgroundColor": "#d5fdd5",
                  "borderColor": "#A14550",
                  "borderRadius": 30,
                  "borderWidth": 2,
                  "height": 133.4,
                  "justifyContent": "center",
                  "marginBottom": "auto",
                  "marginLeft": "auto",
                  "marginRight": "auto",
                  "marginTop": "auto",
                  "padding": 2,
                  "width": 487.5,
                }
              }
            >
              <Text
                style={
                  Object {
                    "fontSize": 16,
                    "fontWeight": "bold",
                  }
                }
              >
                No 
                Weather
                 Data Available.
              </Text>
            </View>
          </View>
        </RCTScrollView>
      </View>
      <View
        style={
          Object {
            "flexDirection": "row",
          }
        }
      />
    </View>
    <View
      style={
        Array [
          Object {
            "alignItems": "center",
            "backgroundColor": "rgba(115, 166, 134, .7)",
            "borderColor": "#A14550",
            "borderRadius": 30,
            "borderWidth": 2,
            "justifyContent": "center",
            "margin": 5,
            "padding": 10,
            "shadowColor": "#000",
            "shadowOffset": Object {
              "height": 2,
              "width": 2,
            },
            "shadowOpacity": 1,
            "width": 712.5,
          },
          Object {
            "height": 393.53,
            "padding": 5,
          },
        ]
      }
    >
      <View
        style={
          Object {
            "alignItems": "center",
            "backgroundColor": "#d5fdd5",
            "borderColor": "#A14550",
            "borderRadius": 30,
            "borderWidth": 2,
            "height": 133.4,
            "justifyContent": "center",
            "marginBottom": "auto",
            "marginLeft": "auto",
            "marginRight": "auto",
            "marginTop": "auto",
            "padding": 2,
            "width": 487.5,
          }
        }
      >
        <Text
          style={
            Object {
              "fontSize": 16,
              "fontWeight": "bold",
            }
          }
        >
          No 
          Soil
           Data Available.
        </Text>
      </View>
    </View>
    <View
      style={
        Object {
          "alignItems": "center",
          "backgroundColor": "rgba(115, 166, 134, .7)",
          "borderColor": "#A14550",
          "borderRadius": 30,
          "borderWidth": 2,
          "justifyContent": "center",
          "margin": 5,
          "padding": 10,
          "shadowColor": "#000",
          "shadowOffset": Object {
            "height": 2,
            "width": 2,
          },
          "shadowOpacity": 1,
          "width": 712.5,
        }
      }
    >
      <View
        style={
          Object {
            "alignItems": "center",
            "backgroundColor": "#d5fdd5",
            "borderColor": "#A14550",
            "borderRadius": 30,
            "borderWidth": 2,
            "height": 133.4,
            "justifyContent": "center",
            "marginBottom": "auto",
            "marginLeft": "auto",
            "marginRight": "auto",
            "marginTop": "auto",
            "padding": 2,
            "width": 487.5,
          }
        }
      >
        <Text
          style={
            Object {
              "fontSize": 16,
              "fontWeight": "bold",
            }
          }
        >
          No 
          Photo
           Data Available.
        </Text>
      </View>
    </View>
  </View>
</View>
`;
