// Jest Snapshot v1, https://goo.gl/fbAQLP

exports[`renders correctly 1`] = `
<View>
  <View
    accessibilityIgnoresInvertColors={true}
    style={
      Object {
        "alignItems": "center",
        "height": 1334,
        "paddingTop": 50,
        "width": 750,
      }
    }
  >
    <Image
      source=""
      style={
        Array [
          Object {
            "bottom": 0,
            "left": 0,
            "position": "absolute",
            "right": 0,
            "top": 0,
          },
          Object {
            "height": 1334,
            "width": 750,
          },
          undefined,
        ]
      }
    />
    <View
      style={
        Object {
          "alignItems": "center",
          "backgroundColor": "rgba(115, 166, 134, .7)",
          "borderColor": "#A14550",
          "borderRadius": 30,
          "borderWidth": 2,
          "margin": 5,
          "padding": 10,
          "shadowColor": "#000",
          "shadowOffset": Object {
            "height": 2,
            "width": 2,
          },
          "shadowOpacity": 1,
          "width": 712.5,
        }
      }
    >
      <View
        style={
          Object {
            "alignItems": "center",
            "flexDirection": "row",
            "justifyContent": "center",
            "width": 600,
          }
        }
      >
        <View
          style={
            Object {
              "flexDirection": "row",
            }
          }
        >
          <Text
            style={
              Array [
                Object {
                  "fontFamily": "lemondrop",
                  "textShadowColor": "black",
                  "textShadowOffset": Object {
                    "height": 2,
                    "width": 2,
                  },
                  "textShadowRadius": 5,
                },
                Object {
                  "color": "#E64C3C",
                  "fontSize": 45,
                },
              ]
            }
          >
            G
          </Text>
          <Text
            style={
              Array [
                Object {
                  "fontFamily": "lemondrop",
                  "textShadowColor": "black",
                  "textShadowOffset": Object {
                    "height": 2,
                    "width": 2,
                  },
                  "textShadowRadius": 5,
                },
                Object {
                  "color": "#FF9933",
                  "fontSize": 45,
                },
              ]
            }
          >
            A
          </Text>
          <Text
            style={
              Array [
                Object {
                  "fontFamily": "lemondrop",
                  "textShadowColor": "black",
                  "textShadowOffset": Object {
                    "height": 2,
                    "width": 2,
                  },
                  "textShadowRadius": 5,
                },
                Object {
                  "color": "#F1C431",
                  "fontSize": 45,
                },
              ]
            }
          >
            R
          </Text>
          <Text
            style={
              Array [
                Object {
                  "fontFamily": "lemondrop",
                  "textShadowColor": "black",
                  "textShadowOffset": Object {
                    "height": 2,
                    "width": 2,
                  },
                  "textShadowRadius": 5,
                },
                Object {
                  "color": "#187F03",
                  "fontSize": 45,
                },
              ]
            }
          >
            D
          </Text>
          <Text
            style={
              Array [
                Object {
                  "fontFamily": "lemondrop",
                  "textShadowColor": "black",
                  "textShadowOffset": Object {
                    "height": 2,
                    "width": 2,
                  },
                  "textShadowRadius": 5,
                },
                Object {
                  "color": "#3998DB",
                  "fontSize": 45,
                },
              ]
            }
          >
            E
          </Text>
          <Text
            style={
              Array [
                Object {
                  "fontFamily": "lemondrop",
                  "textShadowColor": "black",
                  "textShadowOffset": Object {
                    "height": 2,
                    "width": 2,
                  },
                  "textShadowRadius": 5,
                },
                Object {
                  "color": "#4b0082",
                  "fontSize": 45,
                },
              ]
            }
          >
            N
          </Text>
          <Text
            style={
              Array [
                Object {
                  "fontFamily": "lemondrop",
                  "textShadowColor": "black",
                  "textShadowOffset": Object {
                    "height": 2,
                    "width": 2,
                  },
                  "textShadowRadius": 5,
                },
                Object {
                  "color": "#7f00ff",
                  "fontSize": 45,
                },
              ]
            }
          >
            Pi
          </Text>
        </View>
      </View>
      <View
        style={
          Object {
            "flexDirection": "row",
          }
        }
      >
        <View
          accessible={true}
          isTVSelectable={true}
          onResponderGrant={[Function]}
          onResponderMove={[Function]}
          onResponderRelease={[Function]}
          onResponderTerminate={[Function]}
          onResponderTerminationRequest={[Function]}
          onStartShouldSetResponder={[Function]}
          style={
            Object {
              "alignItems": "center",
              "backgroundColor": "#FAF0E6",
              "borderColor": "#A14550",
              "borderRadius": 10,
              "borderWidth": 2,
              "height": 25,
              "justifyContent": "center",
              "marginBottom": 5,
              "marginLeft": "auto",
              "marginRight": "auto",
              "opacity": 1,
              "overflow": "hidden",
              "width": 125,
            }
          }
        >
          <Text>
            View More Data
          </Text>
        </View>
        <View
          accessible={true}
          isTVSelectable={true}
          onResponderGrant={[Function]}
          onResponderMove={[Function]}
          onResponderRelease={[Function]}
          onResponderTerminate={[Function]}
          onResponderTerminationRequest={[Function]}
          onStartShouldSetResponder={[Function]}
          style={
            Object {
              "alignItems": "center",
              "backgroundColor": "#FAF0E6",
              "borderColor": "#A14550",
              "borderRadius": 10,
              "borderWidth": 2,
              "height": 25,
              "justifyContent": "center",
              "marginBottom": 5,
              "marginLeft": "auto",
              "marginRight": "auto",
              "opacity": 1,
              "overflow": "hidden",
              "width": 125,
            }
          }
        >
          <Text>
            Make New Note
          </Text>
        </View>
      </View>
      <View
        style={
          Object {
            "backgroundColor": "#d5fdd5",
            "borderColor": "#A14550",
            "borderRadius": 30,
            "borderWidth": 2,
            "flexDirection": "column",
          }
        }
      >
        <View
          style={
            Object {
              "alignItems": "center",
              "flexDirection": "row",
              "justifyContent": "space-between",
              "marginTop": 10,
              "padding": 20,
              "width": 637.5,
            }
          }
        >
          <View>
            <Image
              source=""
              style={
                Object {
                  "height": 65,
                  "width": 65,
                }
              }
            />
          </View>
          <View>
            <Text
              style={
                Object {
                  "fontSize": 35,
                  "fontWeight": "bold",
                }
              }
            >
               
              NaN
              °F
            </Text>
          </View>
          <View>
            <Text
              style={
                Object {
                  "fontSize": 13,
                  "marginTop": 5,
                }
              }
            >
              Chance of Rain:
              <Text
                style={
                  Object {
                    "fontSize": 15,
                    "fontWeight": "bold",
                  }
                }
              >
                %
              </Text>
            </Text>
            <Text
              style={
                Object {
                  "fontSize": 13,
                  "marginTop": 5,
                }
              }
            >
              Humidity:
              <Text
                style={
                  Object {
                    "fontSize": 15,
                    "fontWeight": "bold",
                  }
                }
              >
                NaN
                %
              </Text>
            </Text>
            <Text
              style={
                Object {
                  "fontSize": 13,
                  "marginTop": 5,
                }
              }
            >
              Wind:
              <Text
                style={
                  Object {
                    "fontSize": 15,
                    "fontWeight": "bold",
                  }
                }
              >
                NaN
                 mph
              </Text>
            </Text>
          </View>
        </View>
      </View>
    </View>
    <View
      style={
        Object {
          "alignItems": "center",
          "backgroundColor": "rgba(115, 166, 134, .7)",
          "borderColor": "#A14550",
          "borderRadius": 30,
          "borderWidth": 2,
          "margin": 5,
          "padding": 10,
          "shadowColor": "#000",
          "shadowOffset": Object {
            "height": 2,
            "width": 2,
          },
          "shadowOpacity": 1,
          "width": 712.5,
        }
      }
    >
      <View>
        <View>
          <Text
            style={
              Object {
                "fontFamily": "Helvetica",
                "fontWeight": "bold",
                "textAlign": "center",
              }
            }
          >
            Soil Moisture
          </Text>
        </View>
        <View
          style={
            Object {
              "borderColor": "#A14550",
              "borderRadius": 30,
              "borderWidth": 2,
              "marginTop": 0,
              "marginVertical": 8,
            }
          }
        >
          <RNSVGSvgView
            bbHeight={210}
            bbWidth={637.5}
            height={210}
            style={
              Array [
                Object {
                  "backgroundColor": "transparent",
                  "borderWidth": 0,
                },
                undefined,
                null,
                Object {
                  "flex": 0,
                  "height": 210,
                  "width": 637,
                },
              ]
            }
            width={637.5}
          >
            <RNSVGGroup
              fill={
                Array [
                  0,
                  4278190080,
                ]
              }
              fillOpacity={1}
              fillRule={1}
              font={Object {}}
              matrix={
                Array [
                  1,
                  0,
                  0,
                  1,
                  0,
                  0,
                ]
              }
              opacity={1}
              originX={0}
              originY={0}
              propList={Array []}
              rotation={0}
              scaleX={1}
              scaleY={1}
              skewX={0}
              skewY={0}
              stroke={null}
              strokeDasharray={null}
              strokeDashoffset={null}
              strokeLinecap={0}
              strokeLinejoin={0}
              strokeMiterlimit={4}
              strokeOpacity={1}
              strokeWidth={1}
              vectorEffect={0}
              x={0}
              y={0}
            >
              <RNSVGGroup
                fill={
                  Array [
                    0,
                    4278190080,
                  ]
                }
                fillOpacity={1}
                fillRule={1}
                font={Object {}}
                matrix={
                  Array [
                    1,
                    0,
                    0,
                    1,
                    0,
                    0,
                  ]
                }
                opacity={1}
                originX={0}
                originY={0}
                propList={Array []}
                rotation={0}
                scaleX={1}
                scaleY={1}
                skewX={0}
                skewY={0}
                stroke={null}
                strokeDasharray={null}
                strokeDashoffset={null}
                strokeLinecap={0}
                strokeLinejoin={0}
                strokeMiterlimit={4}
                strokeOpacity={1}
                strokeWidth={1}
                vectorEffect={0}
                x={0}
                y={0}
              >
                <RNSVGDefs>
                  <RNSVGLinearGradient
                    gradient={
                      Array [
                        0,
                        -2753067,
                        1,
                        -2753067,
                      ]
                    }
                    gradientTransform={
                      Array [
                        1,
                        0,
                        0,
                        1,
                        0,
                        0,
                      ]
                    }
                    gradientUnits={0}
                    name="backgroundGradient"
                    x1="0"
                    x2={637.5}
                    y1={210}
                    y2={0}
                  />
                  <RNSVGLinearGradient
                    gradient={
                      Array [
                        0,
                        436207616,
                        1,
                        0,
                      ]
                    }
                    gradientTransform={
                      Array [
                        1,
                        0,
                        0,
                        1,
                        0,
                        0,
                      ]
                    }
                    gradientUnits={0}
                    name="fillShadowGradient"
                    x1={0}
                    x2={0}
                    y1={0}
                    y2={210}
                  />
                </RNSVGDefs>
                <RNSVGRect
                  fill={
                    Array [
                      1,
                      "backgroundGradient",
                    ]
                  }
                  fillOpacity={1}
                  fillRule={1}
                  height={210}
                  matrix={
                    Array [
                      1,
                      0,
                      0,
                      1,
                      0,
                      0,
                    ]
                  }
                  opacity={1}
                  originX={0}
                  originY={0}
                  propList={
                    Array [
                      "fill",
                    ]
                  }
                  rotation={0}
                  rx={30}
                  ry={30}
                  scaleX={1}
                  scaleY={1}
                  skewX={0}
                  skewY={0}
                  stroke={null}
                  strokeDasharray={null}
                  strokeDashoffset={null}
                  strokeLinecap={0}
                  strokeLinejoin={0}
                  strokeMiterlimit={4}
                  strokeOpacity={1}
                  strokeWidth={1}
                  vectorEffect={0}
                  width="100%"
                  x={0}
                  y={0}
                />
                <RNSVGGroup
                  fill={
                    Array [
                      0,
                      4278190080,
                    ]
                  }
                  fillOpacity={1}
                  fillRule={1}
                  font={Object {}}
                  matrix={
                    Array [
                      1,
                      0,
                      0,
                      1,
                      0,
                      0,
                    ]
                  }
                  opacity={1}
                  originX={0}
                  originY={0}
                  propList={Array []}
                  rotation={0}
                  scaleX={1}
                  scaleY={1}
                  skewX={0}
                  skewY={0}
                  stroke={null}
                  strokeDasharray={null}
                  strokeDashoffset={null}
                  strokeLinecap={0}
                  strokeLinejoin={0}
                  strokeMiterlimit={4}
                  strokeOpacity={1}
                  strokeWidth={1}
                  vectorEffect={0}
                  x={0}
                  y={0}
                >
                  <RNSVGLine
                    fill={
                      Array [
                        0,
                        4278190080,
                      ]
                    }
                    fillOpacity={1}
                    fillRule={1}
                    matrix={
                      Array [
                        1,
                        0,
                        0,
                        1,
                        0,
                        0,
                      ]
                    }
                    opacity={1}
                    originX={0}
                    originY={0}
                    propList={
                      Array [
                        "stroke",
                        "strokeWidth",
                        "strokeDasharray",
                      ]
                    }
                    rotation={0}
                    scaleX={1}
                    scaleY={1}
                    skewX={0}
                    skewY={0}
                    stroke={
                      Array [
                        0,
                        855638016,
                      ]
                    }
                    strokeDasharray={
                      Array [
                        "5",
                        "10",
                      ]
                    }
                    strokeDashoffset={0}
                    strokeLinecap={0}
                    strokeLinejoin={0}
                    strokeMiterlimit={4}
                    strokeOpacity={1}
                    strokeWidth={1}
                    vectorEffect={0}
                    x={0}
                    x1={64}
                    x2={637.5}
                    y={0}
                    y1={173.5}
                    y2={173.5}
                  />
                </RNSVGGroup>
                <RNSVGGroup
                  fill={
                    Array [
                      0,
                      4278190080,
                    ]
                  }
                  fillOpacity={1}
                  fillRule={1}
                  font={Object {}}
                  matrix={
                    Array [
                      1,
                      0,
                      0,
                      1,
                      0,
                      0,
                    ]
                  }
                  opacity={1}
                  originX={0}
                  originY={0}
                  propList={Array []}
                  rotation={0}
                  scaleX={1}
                  scaleY={1}
                  skewX={0}
                  skewY={0}
                  stroke={null}
                  strokeDasharray={null}
                  strokeDashoffset={null}
                  strokeLinecap={0}
                  strokeLinejoin={0}
                  strokeMiterlimit={4}
                  strokeOpacity={1}
                  strokeWidth={1}
                  vectorEffect={0}
                  x={0}
                  y={0}
                >
                  <RNSVGText
                    content={null}
                    dx={Array []}
                    dy={Array []}
                    fill={
                      Array [
                        0,
                        2147483648,
                      ]
                    }
                    fillOpacity={1}
                    fillRule={1}
                    font={
                      Object {
                        "fontSize": 12,
                        "textAnchor": "end",
                      }
                    }
                    matrix={
                      Array [
                        1,
                        0,
                        0,
                        1,
                        0,
                        0,
                      ]
                    }
                    opacity={1}
                    originX={0}
                    originY={0}
                    propList={
                      Array [
                        "fill",
                      ]
                    }
                    rotate={Array []}
                    rotation={0}
                    scaleX={1}
                    scaleY={1}
                    skewX={0}
                    skewY={0}
                    stroke={null}
                    strokeDasharray={null}
                    strokeDashoffset={null}
                    strokeLinecap={0}
                    strokeLinejoin={0}
                    strokeMiterlimit={4}
                    strokeOpacity={1}
                    strokeWidth={1}
                    vectorEffect={0}
                    x={
                      Array [
                        52,
                      ]
                    }
                    y={
                      Array [
                        169.5,
                      ]
                    }
                  >
                    <RNSVGTSpan
                      content="% NaN"
                      dx={Array []}
                      dy={Array []}
                      fill={
                        Array [
                          0,
                          4278190080,
                        ]
                      }
                      fillOpacity={1}
                      fillRule={1}
                      font={Object {}}
                      matrix={
                        Array [
                          1,
                          0,
                          0,
                          1,
                          0,
                          0,
                        ]
                      }
                      opacity={1}
                      originX={0}
                      originY={0}
                      propList={Array []}
                      rotate={Array []}
                      rotation={0}
                      scaleX={1}
                      scaleY={1}
                      skewX={0}
                      skewY={0}
                      stroke={null}
                      strokeDasharray={null}
                      strokeDashoffset={null}
                      strokeLinecap={0}
                      strokeLinejoin={0}
                      strokeMiterlimit={4}
                      strokeOpacity={1}
                      strokeWidth={1}
                      vectorEffect={0}
                      x={Array []}
                      y={Array []}
                    />
                  </RNSVGText>
                  <RNSVGText
                    content={null}
                    dx={Array []}
                    dy={Array []}
                    fill={
                      Array [
                        0,
                        2147483648,
                      ]
                    }
                    fillOpacity={1}
                    fillRule={1}
                    font={
                      Object {
                        "fontSize": 12,
                        "textAnchor": "end",
                      }
                    }
                    matrix={
                      Array [
                        1,
                        0,
                        0,
                        1,
                        0,
                        0,
                      ]
                    }
                    opacity={1}
                    originX={0}
                    originY={0}
                    propList={
                      Array [
                        "fill",
                      ]
                    }
                    rotate={Array []}
                    rotation={0}
                    scaleX={1}
                    scaleY={1}
                    skewX={0}
                    skewY={0}
                    stroke={null}
                    strokeDasharray={null}
                    strokeDashoffset={null}
                    strokeLinecap={0}
                    strokeLinejoin={0}
                    strokeMiterlimit={4}
                    strokeOpacity={1}
                    strokeWidth={1}
                    vectorEffect={0}
                    x={
                      Array [
                        52,
                      ]
                    }
                    y={
                      Array [
                        121,
                      ]
                    }
                  >
                    <RNSVGTSpan
                      content="% NaN"
                      dx={Array []}
                      dy={Array []}
                      fill={
                        Array [
                          0,
                          4278190080,
                        ]
                      }
                      fillOpacity={1}
                      fillRule={1}
                      font={Object {}}
                      matrix={
                        Array [
                          1,
                          0,
                          0,
                          1,
                          0,
                          0,
                        ]
                      }
                      opacity={1}
                      originX={0}
                      originY={0}
                      propList={Array []}
                      rotate={Array []}
                      rotation={0}
                      scaleX={1}
                      scaleY={1}
                      skewX={0}
                      skewY={0}
                      stroke={null}
                      strokeDasharray={null}
                      strokeDashoffset={null}
                      strokeLinecap={0}
                      strokeLinejoin={0}
                      strokeMiterlimit={4}
                      strokeOpacity={1}
                      strokeWidth={1}
                      vectorEffect={0}
                      x={Array []}
                      y={Array []}
                    />
                  </RNSVGText>
                  <RNSVGText
                    content={null}
                    dx={Array []}
                    dy={Array []}
                    fill={
                      Array [
                        0,
                        2147483648,
                      ]
                    }
                    fillOpacity={1}
                    fillRule={1}
                    font={
                      Object {
                        "fontSize": 12,
                        "textAnchor": "end",
                      }
                    }
                    matrix={
                      Array [
                        1,
                        0,
                        0,
                        1,
                        0,
                        0,
                      ]
                    }
                    opacity={1}
                    originX={0}
                    originY={0}
                    propList={
                      Array [
                        "fill",
                      ]
                    }
                    rotate={Array []}
                    rotation={0}
                    scaleX={1}
                    scaleY={1}
                    skewX={0}
                    skewY={0}
                    stroke={null}
                    strokeDasharray={null}
                    strokeDashoffset={null}
                    strokeLinecap={0}
                    strokeLinejoin={0}
                    strokeMiterlimit={4}
                    strokeOpacity={1}
                    strokeWidth={1}
                    vectorEffect={0}
                    x={
                      Array [
                        52,
                      ]
                    }
                    y={
                      Array [
                        72.5,
                      ]
                    }
                  >
                    <RNSVGTSpan
                      content="% NaN"
                      dx={Array []}
                      dy={Array []}
                      fill={
                        Array [
                          0,
                          4278190080,
                        ]
                      }
                      fillOpacity={1}
                      fillRule={1}
                      font={Object {}}
                      matrix={
                        Array [
                          1,
                          0,
                          0,
                          1,
                          0,
                          0,
                        ]
                      }
                      opacity={1}
                      originX={0}
                      originY={0}
                      propList={Array []}
                      rotate={Array []}
                      rotation={0}
                      scaleX={1}
                      scaleY={1}
                      skewX={0}
                      skewY={0}
                      stroke={null}
                      strokeDasharray={null}
                      strokeDashoffset={null}
                      strokeLinecap={0}
                      strokeLinejoin={0}
                      strokeMiterlimit={4}
                      strokeOpacity={1}
                      strokeWidth={1}
                      vectorEffect={0}
                      x={Array []}
                      y={Array []}
                    />
                  </RNSVGText>
                  <RNSVGText
                    content={null}
                    dx={Array []}
                    dy={Array []}
                    fill={
                      Array [
                        0,
                        2147483648,
                      ]
                    }
                    fillOpacity={1}
                    fillRule={1}
                    font={
                      Object {
                        "fontSize": 12,
                        "textAnchor": "end",
                      }
                    }
                    matrix={
                      Array [
                        1,
                        0,
                        0,
                        1,
                        0,
                        0,
                      ]
                    }
                    opacity={1}
                    originX={0}
                    originY={0}
                    propList={
                      Array [
                        "fill",
                      ]
                    }
                    rotate={Array []}
                    rotation={0}
                    scaleX={1}
                    scaleY={1}
                    skewX={0}
                    skewY={0}
                    stroke={null}
                    strokeDasharray={null}
                    strokeDashoffset={null}
                    strokeLinecap={0}
                    strokeLinejoin={0}
                    strokeMiterlimit={4}
                    strokeOpacity={1}
                    strokeWidth={1}
                    vectorEffect={0}
                    x={
                      Array [
                        52,
                      ]
                    }
                    y={
                      Array [
                        24,
                      ]
                    }
                  >
                    <RNSVGTSpan
                      content="% NaN"
                      dx={Array []}
                      dy={Array []}
                      fill={
                        Array [
                          0,
                          4278190080,
                        ]
                      }
                      fillOpacity={1}
                      fillRule={1}
                      font={Object {}}
                      matrix={
                        Array [
                          1,
                          0,
                          0,
                          1,
                          0,
                          0,
                        ]
                      }
                      opacity={1}
                      originX={0}
                      originY={0}
                      propList={Array []}
                      rotate={Array []}
                      rotation={0}
                      scaleX={1}
                      scaleY={1}
                      skewX={0}
                      skewY={0}
                      stroke={null}
                      strokeDasharray={null}
                      strokeDashoffset={null}
                      strokeLinecap={0}
                      strokeLinejoin={0}
                      strokeMiterlimit={4}
                      strokeOpacity={1}
                      strokeWidth={1}
                      vectorEffect={0}
                      x={Array []}
                      y={Array []}
                    />
                  </RNSVGText>
                </RNSVGGroup>
                <RNSVGGroup
                  fill={
                    Array [
                      0,
                      4278190080,
                    ]
                  }
                  fillOpacity={1}
                  fillRule={1}
                  font={Object {}}
                  matrix={
                    Array [
                      1,
                      0,
                      0,
                      1,
                      0,
                      0,
                    ]
                  }
                  opacity={1}
                  originX={0}
                  originY={0}
                  propList={Array []}
                  rotation={0}
                  scaleX={1}
                  scaleY={1}
                  skewX={0}
                  skewY={0}
                  stroke={null}
                  strokeDasharray={null}
                  strokeDashoffset={null}
                  strokeLinecap={0}
                  strokeLinejoin={0}
                  strokeMiterlimit={4}
                  strokeOpacity={1}
                  strokeWidth={1}
                  vectorEffect={0}
                  x={0}
                  y={0}
                >
                  <RNSVGLine
                    fill={
                      Array [
                        0,
                        4278190080,
                      ]
                    }
                    fillOpacity={1}
                    fillRule={1}
                    matrix={
                      Array [
                        1,
                        0,
                        0,
                        1,
                        0,
                        0,
                      ]
                    }
                    opacity={1}
                    originX={0}
                    originY={0}
                    propList={
                      Array [
                        "stroke",
                        "strokeWidth",
                        "strokeDasharray",
                      ]
                    }
                    rotation={0}
                    scaleX={1}
                    scaleY={1}
                    skewX={0}
                    skewY={0}
                    stroke={
                      Array [
                        0,
                        855638016,
                      ]
                    }
                    strokeDasharray={
                      Array [
                        "5",
                        "10",
                      ]
                    }
                    strokeDashoffset={0}
                    strokeLinecap={0}
                    strokeLinejoin={0}
                    strokeMiterlimit={4}
                    strokeOpacity={1}
                    strokeWidth={1}
                    vectorEffect={0}
                    x={0}
                    x1={64}
                    x2={64}
                    y={0}
                    y1={0}
                    y2={173.5}
                  />
                </RNSVGGroup>
                <RNSVGGroup
                  fill={
                    Array [
                      0,
                      4278190080,
                    ]
                  }
                  fillOpacity={1}
                  fillRule={1}
                  font={Object {}}
                  matrix={
                    Array [
                      1,
                      0,
                      0,
                      1,
                      0,
                      0,
                    ]
                  }
                  opacity={1}
                  originX={0}
                  originY={0}
                  propList={Array []}
                  rotation={0}
                  scaleX={1}
                  scaleY={1}
                  skewX={0}
                  skewY={0}
                  stroke={null}
                  strokeDasharray={null}
                  strokeDashoffset={null}
                  strokeLinecap={0}
                  strokeLinejoin={0}
                  strokeMiterlimit={4}
                  strokeOpacity={1}
                  strokeWidth={1}
                  vectorEffect={0}
                  x={0}
                  y={0}
                />
                <RNSVGGroup
                  fill={
                    Array [
                      0,
                      4278190080,
                    ]
                  }
                  fillOpacity={1}
                  fillRule={1}
                  font={Object {}}
                  matrix={
                    Array [
                      1,
                      0,
                      0,
                      1,
                      0,
                      0,
                    ]
                  }
                  opacity={1}
                  originX={0}
                  originY={0}
                  propList={Array []}
                  rotation={0}
                  scaleX={1}
                  scaleY={1}
                  skewX={0}
                  skewY={0}
                  stroke={null}
                  strokeDasharray={null}
                  strokeDashoffset={null}
                  strokeLinecap={0}
                  strokeLinejoin={0}
                  strokeMiterlimit={4}
                  strokeOpacity={1}
                  strokeWidth={1}
                  vectorEffect={0}
                  x={0}
                  y={0}
                >
                  <RNSVGPath
                    d="M0,0"
                    fill={null}
                    fillOpacity={1}
                    fillRule={1}
                    matrix={
                      Array [
                        1,
                        0,
                        0,
                        1,
                        0,
                        0,
                      ]
                    }
                    opacity={1}
                    originX={0}
                    originY={0}
                    propList={
                      Array [
                        "fill",
                        "stroke",
                        "strokeWidth",
                      ]
                    }
                    rotation={0}
                    scaleX={1}
                    scaleY={1}
                    skewX={0}
                    skewY={0}
                    stroke={
                      Array [
                        0,
                        855638016,
                      ]
                    }
                    strokeDasharray={null}
                    strokeDashoffset={null}
                    strokeLinecap={0}
                    strokeLinejoin={0}
                    strokeMiterlimit={4}
                    strokeOpacity={1}
                    strokeWidth={2}
                    vectorEffect={0}
                    x={0}
                    y={0}
                  />
                </RNSVGGroup>
                <RNSVGGroup
                  fill={
                    Array [
                      0,
                      4278190080,
                    ]
                  }
                  fillOpacity={1}
                  fillRule={1}
                  font={Object {}}
                  matrix={
                    Array [
                      1,
                      0,
                      0,
                      1,
                      0,
                      0,
                    ]
                  }
                  opacity={1}
                  originX={0}
                  originY={0}
                  propList={Array []}
                  rotation={0}
                  scaleX={1}
                  scaleY={1}
                  skewX={0}
                  skewY={0}
                  stroke={null}
                  strokeDasharray={null}
                  strokeDashoffset={null}
                  strokeLinecap={0}
                  strokeLinejoin={0}
                  strokeMiterlimit={4}
                  strokeOpacity={1}
                  strokeWidth={1}
                  vectorEffect={0}
                  x={0}
                  y={0}
                >
                  <RNSVGPath
                    d="M0,0 L-Infinity,173.5 L64,173.5 Z"
                    fill={
                      Array [
                        1,
                        "fillShadowGradient",
                      ]
                    }
                    fillOpacity={1}
                    fillRule={1}
                    matrix={
                      Array [
                        1,
                        0,
                        0,
                        1,
                        0,
                        0,
                      ]
                    }
                    opacity={1}
                    originX={0}
                    originY={0}
                    propList={
                      Array [
                        "fill",
                        "strokeWidth",
                      ]
                    }
                    rotation={0}
                    scaleX={1}
                    scaleY={1}
                    skewX={0}
                    skewY={0}
                    stroke={null}
                    strokeDasharray={null}
                    strokeDashoffset={null}
                    strokeLinecap={0}
                    strokeLinejoin={0}
                    strokeMiterlimit={4}
                    strokeOpacity={1}
                    strokeWidth={0}
                    vectorEffect={0}
                    x={0}
                    y={0}
                  />
                </RNSVGGroup>
                <RNSVGGroup
                  fill={
                    Array [
                      0,
                      4278190080,
                    ]
                  }
                  fillOpacity={1}
                  fillRule={1}
                  font={Object {}}
                  matrix={
                    Array [
                      1,
                      0,
                      0,
                      1,
                      0,
                      0,
                    ]
                  }
                  opacity={1}
                  originX={0}
                  originY={0}
                  propList={Array []}
                  rotation={0}
                  scaleX={1}
                  scaleY={1}
                  skewX={0}
                  skewY={0}
                  stroke={null}
                  strokeDasharray={null}
                  strokeDashoffset={null}
                  strokeLinecap={0}
                  strokeLinejoin={0}
                  strokeMiterlimit={4}
                  strokeOpacity={1}
                  strokeWidth={1}
                  vectorEffect={0}
                  x={0}
                  y={0}
                />
                <RNSVGGroup
                  fill={
                    Array [
                      0,
                      4278190080,
                    ]
                  }
                  fillOpacity={1}
                  fillRule={1}
                  font={Object {}}
                  matrix={
                    Array [
                      1,
                      0,
                      0,
                      1,
                      0,
                      0,
                    ]
                  }
                  opacity={1}
                  originX={0}
                  originY={0}
                  propList={Array []}
                  rotation={0}
                  scaleX={1}
                  scaleY={1}
                  skewX={0}
                  skewY={0}
                  stroke={null}
                  strokeDasharray={null}
                  strokeDashoffset={null}
                  strokeLinecap={0}
                  strokeLinejoin={0}
                  strokeMiterlimit={4}
                  strokeOpacity={1}
                  strokeWidth={1}
                  vectorEffect={0}
                  x={0}
                  y={0}
                />
              </RNSVGGroup>
            </RNSVGGroup>
          </RNSVGSvgView>
        </View>
      </View>
    </View>
    <View
      style={
        Object {
          "alignItems": "center",
          "backgroundColor": "rgba(115, 166, 134, .7)",
          "borderColor": "#A14550",
          "borderRadius": 30,
          "borderWidth": 2,
          "margin": 5,
          "padding": 10,
          "shadowColor": "#000",
          "shadowOffset": Object {
            "height": 2,
            "width": 2,
          },
          "shadowOpacity": 1,
          "width": 712.5,
        }
      }
    >
      <Text>
        Time Recorded:
        <Text
          style={
            Object {
              "fontSize": 15,
              "fontWeight": "bold",
            }
          }
        >
          NaN:NaNAM
        </Text>
      </Text>
      <View
        style={
          Object {
            "flexDirection": "row",
          }
        }
      />
    </View>
    <View
      accessible={true}
      isTVSelectable={true}
      onResponderGrant={[Function]}
      onResponderMove={[Function]}
      onResponderRelease={[Function]}
      onResponderTerminate={[Function]}
      onResponderTerminationRequest={[Function]}
      onStartShouldSetResponder={[Function]}
      style={
        Object {
          "alignItems": "center",
          "backgroundColor": "#FAF0E6",
          "borderColor": "#A14550",
          "borderRadius": 10,
          "borderWidth": 2,
          "height": 50,
          "justifyContent": "center",
          "marginLeft": "auto",
          "marginRight": "auto",
          "marginTop": 15,
          "opacity": 1,
          "overflow": "hidden",
          "width": 200,
        }
      }
    >
      <Text>
        Water your Garden
      </Text>
    </View>
  </View>
</View>
`;
