// Jest Snapshot v1, https://goo.gl/fbAQLP

exports[`renders correctly 1`] = `
<View
  style={
    Object {
      "alignItems": "center",
      "backgroundColor": "#d5fdd5",
      "borderColor": "#A14550",
      "borderRadius": 30,
      "borderWidth": 2,
      "marginLeft": 0,
      "marginRight": 2,
      "padding": 2,
      "width": 637.5,
    }
  }
>
  <Text
    style={
      Object {
        "fontSize": 18,
        "fontWeight": "bold",
        "marginTop": 5,
      }
    }
  />
  <View
    style={
      Object {
        "display": "flex",
        "flexDirection": "row",
        "justifyContent": "space-evenly",
        "marginBottom": 10,
      }
    }
  >
    <Text
      style={
        Object {
          "fontSize": 28,
          "fontWeight": "bold",
          "marginLeft": 20,
          "marginTop": 20,
        }
      }
    >
      NaN
      °F / 
      NaN
      °F
    </Text>
  </View>
  <Text
    style={
      Object {
        "fontSize": 18,
      }
    }
  />
</View>
`;
